Archive member included to satisfy reference by file (symbol)

/home/anatolii/st-stm32cubeide_1.2.0_5034_20200108_0926_amd64.sh.root/y/plugins/com.st.stm32cube.ide.mcu.externaltools.gnu-tools-for-stm32.7-2018-q2-update.linux64_1.0.0.201904181610/tools/bin/../lib/gcc/arm-none-eabi/7.3.1/../../../../arm-none-eabi/lib/thumb/v7e-m/fpv4-sp/hard/libc_nano.a(lib_a-errno.o)
                              Core/Src/syscalls.o (__errno)
/home/anatolii/st-stm32cubeide_1.2.0_5034_20200108_0926_amd64.sh.root/y/plugins/com.st.stm32cube.ide.mcu.externaltools.gnu-tools-for-stm32.7-2018-q2-update.linux64_1.0.0.201904181610/tools/bin/../lib/gcc/arm-none-eabi/7.3.1/../../../../arm-none-eabi/lib/thumb/v7e-m/fpv4-sp/hard/libc_nano.a(lib_a-exit.o)
                              /home/anatolii/st-stm32cubeide_1.2.0_5034_20200108_0926_amd64.sh.root/y/plugins/com.st.stm32cube.ide.mcu.externaltools.gnu-tools-for-stm32.7-2018-q2-update.linux64_1.0.0.201904181610/tools/bin/../lib/gcc/arm-none-eabi/7.3.1/../../../../arm-none-eabi/lib/thumb/v7e-m/fpv4-sp/hard/crt0.o (exit)
/home/anatolii/st-stm32cubeide_1.2.0_5034_20200108_0926_amd64.sh.root/y/plugins/com.st.stm32cube.ide.mcu.externaltools.gnu-tools-for-stm32.7-2018-q2-update.linux64_1.0.0.201904181610/tools/bin/../lib/gcc/arm-none-eabi/7.3.1/../../../../arm-none-eabi/lib/thumb/v7e-m/fpv4-sp/hard/libc_nano.a(lib_a-impure.o)
                              /home/anatolii/st-stm32cubeide_1.2.0_5034_20200108_0926_amd64.sh.root/y/plugins/com.st.stm32cube.ide.mcu.externaltools.gnu-tools-for-stm32.7-2018-q2-update.linux64_1.0.0.201904181610/tools/bin/../lib/gcc/arm-none-eabi/7.3.1/../../../../arm-none-eabi/lib/thumb/v7e-m/fpv4-sp/hard/libc_nano.a(lib_a-exit.o) (_global_impure_ptr)
/home/anatolii/st-stm32cubeide_1.2.0_5034_20200108_0926_amd64.sh.root/y/plugins/com.st.stm32cube.ide.mcu.externaltools.gnu-tools-for-stm32.7-2018-q2-update.linux64_1.0.0.201904181610/tools/bin/../lib/gcc/arm-none-eabi/7.3.1/../../../../arm-none-eabi/lib/thumb/v7e-m/fpv4-sp/hard/libc_nano.a(lib_a-init.o)
                              /home/anatolii/st-stm32cubeide_1.2.0_5034_20200108_0926_amd64.sh.root/y/plugins/com.st.stm32cube.ide.mcu.externaltools.gnu-tools-for-stm32.7-2018-q2-update.linux64_1.0.0.201904181610/tools/bin/../lib/gcc/arm-none-eabi/7.3.1/../../../../arm-none-eabi/lib/thumb/v7e-m/fpv4-sp/hard/crt0.o (__libc_init_array)
/home/anatolii/st-stm32cubeide_1.2.0_5034_20200108_0926_amd64.sh.root/y/plugins/com.st.stm32cube.ide.mcu.externaltools.gnu-tools-for-stm32.7-2018-q2-update.linux64_1.0.0.201904181610/tools/bin/../lib/gcc/arm-none-eabi/7.3.1/../../../../arm-none-eabi/lib/thumb/v7e-m/fpv4-sp/hard/libc_nano.a(lib_a-memset.o)
                              /home/anatolii/st-stm32cubeide_1.2.0_5034_20200108_0926_amd64.sh.root/y/plugins/com.st.stm32cube.ide.mcu.externaltools.gnu-tools-for-stm32.7-2018-q2-update.linux64_1.0.0.201904181610/tools/bin/../lib/gcc/arm-none-eabi/7.3.1/../../../../arm-none-eabi/lib/thumb/v7e-m/fpv4-sp/hard/crt0.o (memset)
/home/anatolii/st-stm32cubeide_1.2.0_5034_20200108_0926_amd64.sh.root/y/plugins/com.st.stm32cube.ide.mcu.externaltools.gnu-tools-for-stm32.7-2018-q2-update.linux64_1.0.0.201904181610/tools/bin/../lib/gcc/arm-none-eabi/7.3.1/../../../../arm-none-eabi/lib/thumb/v7e-m/fpv4-sp/hard/libm.a(lib_a-w_pow.o)
                              Core/Src/main.o (pow)
/home/anatolii/st-stm32cubeide_1.2.0_5034_20200108_0926_amd64.sh.root/y/plugins/com.st.stm32cube.ide.mcu.externaltools.gnu-tools-for-stm32.7-2018-q2-update.linux64_1.0.0.201904181610/tools/bin/../lib/gcc/arm-none-eabi/7.3.1/../../../../arm-none-eabi/lib/thumb/v7e-m/fpv4-sp/hard/libm.a(lib_a-e_pow.o)
                              /home/anatolii/st-stm32cubeide_1.2.0_5034_20200108_0926_amd64.sh.root/y/plugins/com.st.stm32cube.ide.mcu.externaltools.gnu-tools-for-stm32.7-2018-q2-update.linux64_1.0.0.201904181610/tools/bin/../lib/gcc/arm-none-eabi/7.3.1/../../../../arm-none-eabi/lib/thumb/v7e-m/fpv4-sp/hard/libm.a(lib_a-w_pow.o) (__ieee754_pow)
/home/anatolii/st-stm32cubeide_1.2.0_5034_20200108_0926_amd64.sh.root/y/plugins/com.st.stm32cube.ide.mcu.externaltools.gnu-tools-for-stm32.7-2018-q2-update.linux64_1.0.0.201904181610/tools/bin/../lib/gcc/arm-none-eabi/7.3.1/../../../../arm-none-eabi/lib/thumb/v7e-m/fpv4-sp/hard/libm.a(lib_a-e_sqrt.o)
                              /home/anatolii/st-stm32cubeide_1.2.0_5034_20200108_0926_amd64.sh.root/y/plugins/com.st.stm32cube.ide.mcu.externaltools.gnu-tools-for-stm32.7-2018-q2-update.linux64_1.0.0.201904181610/tools/bin/../lib/gcc/arm-none-eabi/7.3.1/../../../../arm-none-eabi/lib/thumb/v7e-m/fpv4-sp/hard/libm.a(lib_a-e_pow.o) (__ieee754_sqrt)
/home/anatolii/st-stm32cubeide_1.2.0_5034_20200108_0926_amd64.sh.root/y/plugins/com.st.stm32cube.ide.mcu.externaltools.gnu-tools-for-stm32.7-2018-q2-update.linux64_1.0.0.201904181610/tools/bin/../lib/gcc/arm-none-eabi/7.3.1/../../../../arm-none-eabi/lib/thumb/v7e-m/fpv4-sp/hard/libm.a(lib_a-s_fabs.o)
[...]
Memory Configuration

Name             Origin             Length             Attributes
CCMRAM           0x0000000010000000 0x0000000000010000 xrw
RAM              0x0000000020000000 0x0000000000020000 xrw
FLASH            0x0000000008000000 0x0000000000100000 xr
*default*        0x0000000000000000 0xffffffffffffffff

Linker script and memory map

LOAD /home/anatolii/st-stm32cubeide_1.2.0_5034_20200108_0926_amd64.sh.root/y/plugins/com.st.stm32cube.ide.mcu.externaltools.gnu-tools-for-stm32.7-2018-q2-update.linux64_1.0.0.201904181610/tools/bin/../lib/gcc/arm-none-eabi/7.3.1/thumb/v7e-m/fpv4-sp/hard/crti.o
LOAD /home/anatolii/st-stm32cubeide_1.2.0_5034_20200108_0926_amd64.sh.root/y/plugins/com.st.stm32cube.ide.mcu.externaltools.gnu-tools-for-stm32.7-2018-q2-update.linux64_1.0.0.201904181610/tools/bin/../lib/gcc/arm-none-eabi/7.3.1/thumb/v7e-m/fpv4-sp/hard/crtbegin.o
LOAD /home/anatolii/st-stm32cubeide_1.2.0_5034_20200108_0926_amd64.sh.root/y/plugins/com.st.stm32cube.ide.mcu.externaltools.gnu-tools-for-stm32.7-2018-q2-update.linux64_1.0.0.201904181610/tools/bin/../lib/gcc/arm-none-eabi/7.3.1/../../../../arm-none-eabi/lib/thumb/v7e-m/fpv4-sp/hard/crt0.o
LOAD Core/Src/main.o
LOAD Core/Src/stm32f4xx_hal_msp.o
LOAD Core/Src/stm32f4xx_it.o
LOAD Core/Src/syscalls.o
LOAD Core/Src/sysmem.o
LOAD Core/Src/system_stm32f4xx.o
LOAD Core/Startup/startup_stm32f407vgtx.o
LOAD Drivers/STM32F4xx_HAL_Driver/Src/stm32f4xx_hal.o
LOAD Drivers/STM32F4xx_HAL_Driver/Src/stm32f4xx_hal_adc.o
LOAD Drivers/STM32F4xx_HAL_Driver/Src/stm32f4xx_hal_adc_ex.o
LOAD Drivers/STM32F4xx_HAL_Driver/Src/stm32f4xx_hal_cortex.o
LOAD Drivers/STM32F4xx_HAL_Driver/Src/stm32f4xx_hal_dma.o
LOAD Drivers/STM32F4xx_HAL_Driver/Src/stm32f4xx_hal_dma_ex.o
LOAD Drivers/STM32F4xx_HAL_Driver/Src/stm32f4xx_hal_exti.o
LOAD Drivers/STM32F4xx_HAL_Driver/Src/stm32f4xx_hal_flash.o
LOAD Drivers/STM32F4xx_HAL_Driver/Src/stm32f4xx_hal_flash_ex.o
LOAD Drivers/STM32F4xx_HAL_Driver/Src/stm32f4xx_hal_flash_ramfunc.o
LOAD Drivers/STM32F4xx_HAL_Driver/Src/stm32f4xx_hal_gpio.o
LOAD Drivers/STM32F4xx_HAL_Driver/Src/stm32f4xx_hal_pwr.o
LOAD Drivers/STM32F4xx_HAL_Driver/Src/stm32f4xx_hal_pwr_ex.o
LOAD Drivers/STM32F4xx_HAL_Driver/Src/stm32f4xx_hal_rcc.o
LOAD Drivers/STM32F4xx_HAL_Driver/Src/stm32f4xx_hal_rcc_ex.o
LOAD Drivers/STM32F4xx_HAL_Driver/Src/stm32f4xx_hal_tim.o
LOAD Drivers/STM32F4xx_HAL_Driver/Src/stm32f4xx_hal_tim_ex.o
START GROUP
LOAD /home/anatolii/st-stm32cubeide_1.2.0_5034_20200108_0926_amd64.sh.root/y/plugins/com.st.stm32cube.ide.mcu.externaltools.gnu-tools-for-stm32.7-2018-q2-update.linux64_1.0.0.201904181610/tools/bin/../lib/gcc/arm-none-eabi/7.3.1/../../../../arm-none-eabi/lib/thumb/v7e-m/fpv4-sp/hard/libc_nano.a
LOAD /home/anatolii/st-stm32cubeide_1.2.0_5034_20200108_0926_amd64.sh.root/y/plugins/com.st.stm32cube.ide.mcu.externaltools.gnu-tools-for-stm32.7-2018-q2-update.linux64_1.0.0.201904181610/tools/bin/../lib/gcc/arm-none-eabi/7.3.1/../../../../arm-none-eabi/lib/thumb/v7e-m/fpv4-sp/hard/libm.a
END GROUP
START GROUP
LOAD /home/anatolii/st-stm32cubeide_1.2.0_5034_20200108_0926_amd64.sh.root/y/plugins/com.st.stm32cube.ide.mcu.externaltools.gnu-tools-for-stm32.7-2018-q2-update.linux64_1.0.0.201904181610/tools/bin/../lib/gcc/arm-none-eabi/7.3.1/thumb/v7e-m/fpv4-sp/hard/libgcc.a
LOAD /home/anatolii/st-stm32cubeide_1.2.0_5034_20200108_0926_amd64.sh.root/y/plugins/com.st.stm32cube.ide.mcu.externaltools.gnu-tools-for-stm32.7-2018-q2-update.linux64_1.0.0.201904181610/tools/bin/../lib/gcc/arm-none-eabi/7.3.1/../../../../arm-none-eabi/lib/thumb/v7e-m/fpv4-sp/hard/libc_nano.a
END GROUP
START GROUP
LOAD /home/anatolii/st-stm32cubeide_1.2.0_5034_20200108_0926_amd64.sh.root/y/plugins/com.st.stm32cube.ide.mcu.externaltools.gnu-tools-for-stm32.7-2018-q2-update.linux64_1.0.0.201904181610/tools/bin/../lib/gcc/arm-none-eabi/7.3.1/thumb/v7e-m/fpv4-sp/hard/libgcc.a
LOAD /home/anatolii/st-stm32cubeide_1.2.0_5034_20200108_0926_amd64.sh.root/y/plugins/com.st.stm32cube.ide.mcu.externaltools.gnu-tools-for-stm32.7-2018-q2-update.linux64_1.0.0.201904181610/tools/bin/../lib/gcc/arm-none-eabi/7.3.1/../../../../arm-none-eabi/lib/thumb/v7e-m/fpv4-sp/hard/libc_nano.a
LOAD /home/anatolii/st-stm32cubeide_1.2.0_5034_20200108_0926_amd64.sh.root/y/plugins/com.st.stm32cube.ide.mcu.externaltools.gnu-tools-for-stm32.7-2018-q2-update.linux64_1.0.0.201904181610/tools/bin/../lib/gcc/arm-none-eabi/7.3.1/../../../../arm-none-eabi/lib/thumb/v7e-m/fpv4-sp/hard/libnosys.a
END GROUP
START GROUP
LOAD /home/anatolii/st-stm32cubeide_1.2.0_5034_20200108_0926_amd64.sh.root/y/plugins/com.st.stm32cube.ide.mcu.externaltools.gnu-tools-for-stm32.7-2018-q2-update.linux64_1.0.0.201904181610/tools/bin/../lib/gcc/arm-none-eabi/7.3.1/thumb/v7e-m/fpv4-sp/hard/libgcc.a
LOAD /home/anatolii/st-stm32cubeide_1.2.0_5034_20200108_0926_amd64.sh.root/y/plugins/com.st.stm32cube.ide.mcu.externaltools.gnu-tools-for-stm32.7-2018-q2-update.linux64_1.0.0.201904181610/tools/bin/../lib/gcc/arm-none-eabi/7.3.1/../../../../arm-none-eabi/lib/thumb/v7e-m/fpv4-sp/hard/libc_nano.a
LOAD /home/anatolii/st-stm32cubeide_1.2.0_5034_20200108_0926_amd64.sh.root/y/plugins/com.st.stm32cube.ide.mcu.externaltools.gnu-tools-for-stm32.7-2018-q2-update.linux64_1.0.0.201904181610/tools/bin/../lib/gcc/arm-none-eabi/7.3.1/../../../../arm-none-eabi/lib/thumb/v7e-m/fpv4-sp/hard/libnosys.a
END GROUP
LOAD /home/anatolii/st-stm32cubeide_1.2.0_5034_20200108_0926_amd64.sh.root/y/plugins/com.st.stm32cube.ide.mcu.externaltools.gnu-tools-for-stm32.7-2018-q2-update.linux64_1.0.0.201904181610/tools/bin/../lib/gcc/arm-none-eabi/7.3.1/thumb/v7e-m/fpv4-sp/hard/crtend.o
LOAD /home/anatolii/st-stm32cubeide_1.2.0_5034_20200108_0926_amd64.sh.root/y/plugins/com.st.stm32cube.ide.mcu.externaltools.gnu-tools-for-stm32.7-2018-q2-update.linux64_1.0.0.201904181610/tools/bin/../lib/gcc/arm-none-eabi/7.3.1/thumb/v7e-m/fpv4-sp/hard/crtn.o
                0x0000000020020000                _estack = (ORIGIN (RAM) + LENGTH (RAM))
                0x0000000000000200                _Min_Heap_Size = 0x200
                0x0000000000000400                _Min_Stack_Size = 0x400

.isr_vector     0x0000000008000000      0x188
                0x0000000008000000                . = ALIGN (0x4)
 *(.isr_vector)
 .isr_vector    0x0000000008000000      0x188 Core/Startup/startup_stm32f407vgtx.o
                0x0000000008000000                g_pfnVectors
                0x0000000008000188                . = ALIGN (0x4)

.text           0x0000000008000188     0x3a64
                0x0000000008000188                . = ALIGN (0x4)
 *(.text)
 .text          0x0000000008000188       0x40 /home/anatolii/st-stm32cubeide_1.2.0_5034_20200108_0926_amd64.sh.root/y/plugins/com.st.stm32cube.ide.mcu.externaltools.gnu-tools-for-stm32.7-2018-q2-update.linux64_1.0.0.201904181610/tools/bin/../lib/gcc/arm-none-eabi/7.3.1/thumb/v7e-m/fpv4-sp/hard/crtbegin.o
 .text          0x00000000080001c8      0x378 /home/anatolii/st-stm32cubeide_1.2.0_5034_20200108_0926_amd64.sh.root/y/plugins/com.st.stm32cube.ide.mcu.externaltools.gnu-tools-for-stm32.7-2018-q2-update.linux64_1.0.0.201904181610/tools/bin/../lib/gcc/arm-none-eabi/7.3.1/thumb/v7e-m/fpv4-sp/hard/libgcc.a(_arm_addsubdf3.o)
                0x00000000080001c8                __aeabi_drsub
                0x00000000080001d0                __aeabi_dsub
                0x00000000080001d0                __subdf3
                0x00000000080001d4                __adddf3
                0x00000000080001d4                __aeabi_dadd
                0x000000000800044c                __aeabi_ui2d
                0x000000000800044c                __floatunsidf
                0x000000000800046c                __floatsidf
                0x000000000800046c                __aeabi_i2d
                0x0000000008000490                __extendsfdf2
                0x0000000008000490                __aeabi_f2d
                0x00000000080004d4                __aeabi_ul2d
                0x00000000080004d4                __floatundidf
                0x00000000080004e4                __floatdidf
                0x00000000080004e4                __aeabi_l2d
 .text          0x0000000008000540      0x424 /home/anatolii/st-stm32cubeide_1.2.0_5034_20200108_0926_amd64.sh.root/y/plugins/com.st.stm32cube.ide.mcu.externaltools.gnu-tools-for-stm32.7-2018-q2-update.linux64_1.0.0.201904181610/tools/bin/../lib/gcc/arm-none-eabi/7.3.1/thumb/v7e-m/fpv4-sp/hard/libgcc.a(_arm_muldivdf3.o)
                0x0000000008000540                __aeabi_dmul
                0x0000000008000540                __muldf3
                0x0000000008000794                __aeabi_ddiv
                0x0000000008000794                __divdf3
 .text          0x0000000008000964      0x110 /home/anatolii/st-stm32cubeide_1.2.0_5034_20200108_0926_amd64.sh.root/y/plugins/com.st.stm32cube.ide.mcu.externaltools.gnu-tools-for-stm32.7-2018-q2-update.linux64_1.0.0.201904181610/tools/bin/../lib/gcc/arm-none-eabi/7.3.1/thumb/v7e-m/fpv4-sp/hard/libgcc.a(_arm_cmpdf2.o)
                0x0000000008000964                __gtdf2
                0x0000000008000964                __gedf2
                0x000000000800096c                __ltdf2
                0x000000000800096c                __ledf2
                0x0000000008000974                __cmpdf2
                0x0000000008000974                __eqdf2
                0x0000000008000974                __nedf2
                0x00000000080009f0                __aeabi_cdrcmple
                0x0000000008000a00                __aeabi_cdcmple
                0x0000000008000a00                __aeabi_cdcmpeq
                0x0000000008000a10                __aeabi_dcmpeq
                0x0000000008000a24                __aeabi_dcmplt
                0x0000000008000a38                __aeabi_dcmple
                0x0000000008000a4c                __aeabi_dcmpge
                0x0000000008000a60                __aeabi_dcmpgt
 .text          0x0000000008000a74       0x2c /home/anatolii/st-stm32cubeide_1.2.0_5034_20200108_0926_amd64.sh.root/y/plugins/com.st.stm32cube.ide.mcu.externaltools.gnu-tools-for-stm32.7-2018-q2-update.linux64_1.0.0.201904181610/tools/bin/../lib/gcc/arm-none-eabi/7.3.1/thumb/v7e-m/fpv4-sp/hard/libgcc.a(_arm_unorddf2.o)
                0x0000000008000a74                __aeabi_dcmpun
                0x0000000008000a74                __unorddf2
 .text          0x0000000008000aa0       0xa0 /home/anatolii/st-stm32cubeide_1.2.0_5034_20200108_0926_amd64.sh.root/y/plugins/com.st.stm32cube.ide.mcu.externaltools.gnu-tools-for-stm32.7-2018-q2-update.linux64_1.0.0.201904181610/tools/bin/../lib/gcc/arm-none-eabi/7.3.1/thumb/v7e-m/fpv4-sp/hard/libgcc.a(_arm_truncdfsf2.o)
                0x0000000008000aa0                __aeabi_d2f
                0x0000000008000aa0                __truncdfsf2
 .text          0x0000000008000b40       0x30 /home/anatolii/st-stm32cubeide_1.2.0_5034_20200108_0926_amd64.sh.root/y/plugins/com.st.stm32cube.ide.mcu.externaltools.gnu-tools-for-stm32.7-2018-q2-update.linux64_1.0.0.201904181610/tools/bin/../lib/gcc/arm-none-eabi/7.3.1/thumb/v7e-m/fpv4-sp/hard/libgcc.a(_aeabi_uldivmod.o)
                0x0000000008000b40                __aeabi_uldivmod
 .text          0x0000000008000b70      0x2cc /home/anatolii/st-stm32cubeide_1.2.0_5034_20200108_0926_amd64.sh.root/y/plugins/com.st.stm32cube.ide.mcu.externaltools.gnu-tools-for-stm32.7-2018-q2-update.linux64_1.0.0.201904181610/tools/bin/../lib/gcc/arm-none-eabi/7.3.1/thumb/v7e-m/fpv4-sp/hard/libgcc.a(_udivmoddi4.o)
                0x0000000008000b70                __udivmoddi4
 .text          0x0000000008000e3c        0x4 /home/anatolii/st-stm32cubeide_1.2.0_5034_20200108_0926_amd64.sh.root/y/plugins/com.st.stm32cube.ide.mcu.externaltools.gnu-tools-for-stm32.7-2018-q2-update.linux64_1.0.0.201904181610/tools/bin/../lib/gcc/arm-none-eabi/7.3.1/thumb/v7e-m/fpv4-sp/hard/libgcc.a(_dvmd_tls.o)
                0x0000000008000e3c                __aeabi_ldiv0
                0x0000000008000e3c                __aeabi_idiv0
 *(.text*)
 .text.main     0x0000000008000e40      0x10c Core/Src/main.o
                0x0000000008000e40                main
 .text.SystemClock_Config
                0x0000000008000f4c       0xd4 Core/Src/main.o
                0x0000000008000f4c                SystemClock_Config
 .text.MX_ADC1_Init
                0x0000000008001020       0xa4 Core/Src/main.o
 .text.MX_GPIO_Init
                0x00000000080010c4       0xa4 Core/Src/main.o
 .text.Get_MQ3_Data
                0x0000000008001168       0xd4 Core/Src/main.o
                0x0000000008001168                Get_MQ3_Data
 .text.Error_Handler
                0x000000000800123c        0xe Core/Src/main.o
                0x000000000800123c                Error_Handler
 *fill*         0x000000000800124a        0x2 
 .text.HAL_MspInit
                0x000000000800124c       0x50 Core/Src/stm32f4xx_hal_msp.o
                0x000000000800124c                HAL_MspInit
 .text.HAL_ADC_MspInit
                0x000000000800129c       0x88 Core/Src/stm32f4xx_hal_msp.o
                0x000000000800129c                HAL_ADC_MspInit
 .text.NMI_Handler
                0x0000000008001324        0xe Core/Src/stm32f4xx_it.o
                0x0000000008001324                NMI_Handler
 .text.HardFault_Handler
                0x0000000008001332        0x6 Core/Src/stm32f4xx_it.o
                0x0000000008001332                HardFault_Handler
 .text.MemManage_Handler
                0x0000000008001338        0x6 Core/Src/stm32f4xx_it.o
                0x0000000008001338                MemManage_Handler
 .text.BusFault_Handler
                0x000000000800133e        0x6 Core/Src/stm32f4xx_it.o
                0x000000000800133e                BusFault_Handler
 .text.UsageFault_Handler
                0x0000000008001344        0x6 Core/Src/stm32f4xx_it.o
                0x0000000008001344                UsageFault_Handler
 .text.SVC_Handler
                0x000000000800134a        0xe Core/Src/stm32f4xx_it.o
                0x000000000800134a                SVC_Handler
 .text.DebugMon_Handler
                0x0000000008001358        0xe Core/Src/stm32f4xx_it.o
                0x0000000008001358                DebugMon_Handler
 .text.PendSV_Handler
                0x0000000008001366        0xe Core/Src/stm32f4xx_it.o
                0x0000000008001366                PendSV_Handler
 .text.SysTick_Handler
                0x0000000008001374        0xc Core/Src/stm32f4xx_it.o
                0x0000000008001374                SysTick_Handler
 .text.SystemInit
                0x0000000008001380       0x2c Core/Src/system_stm32f4xx.o
                0x0000000008001380                SystemInit
 .text.Reset_Handler
                0x00000000080013ac       0x50 Core/Startup/startup_stm32f407vgtx.o
                0x00000000080013ac                Reset_Handler
 .text.Default_Handler
                0x00000000080013fc        0x2 Core/Startup/startup_stm32f407vgtx.o
                0x00000000080013fc                RTC_Alarm_IRQHandler
                0x00000000080013fc                HASH_RNG_IRQHandler
                0x00000000080013fc                EXTI2_IRQHandler
                0x00000000080013fc                TIM8_CC_IRQHandler
                0x00000000080013fc                TIM1_CC_IRQHandler
                0x00000000080013fc                DMA2_Stream5_IRQHandler
                0x00000000080013fc                DMA1_Stream5_IRQHandler
                0x00000000080013fc                PVD_IRQHandler
                0x00000000080013fc                SDIO_IRQHandler
                0x00000000080013fc                TAMP_STAMP_IRQHandler
                0x00000000080013fc                CAN2_RX1_IRQHandler
                0x00000000080013fc                EXTI3_IRQHandler
                0x00000000080013fc                TIM8_TRG_COM_TIM14_IRQHandler
                0x00000000080013fc                TIM1_UP_TIM10_IRQHandler
                0x00000000080013fc                TIM8_UP_TIM13_IRQHandler
                0x00000000080013fc                I2C3_ER_IRQHandler
                0x00000000080013fc                EXTI0_IRQHandler
                0x00000000080013fc                I2C2_EV_IRQHandler
                0x00000000080013fc                DMA1_Stream2_IRQHandler
                0x00000000080013fc                CAN1_RX0_IRQHandler
                0x00000000080013fc                FPU_IRQHandler
                0x00000000080013fc                OTG_HS_WKUP_IRQHandler
                0x00000000080013fc                CAN2_SCE_IRQHandler
                0x00000000080013fc                DMA2_Stream2_IRQHandler
                0x00000000080013fc                SPI1_IRQHandler
                0x00000000080013fc                TIM6_DAC_IRQHandler
                0x00000000080013fc                TIM1_BRK_TIM9_IRQHandler
                0x00000000080013fc                DCMI_IRQHandler
                0x00000000080013fc                CAN2_RX0_IRQHandler
                0x00000000080013fc                DMA2_Stream3_IRQHandler
                0x00000000080013fc                USART6_IRQHandler
                0x00000000080013fc                USART3_IRQHandler
                0x00000000080013fc                CAN1_RX1_IRQHandler
                0x00000000080013fc                UART5_IRQHandler
                0x00000000080013fc                DMA2_Stream0_IRQHandler
                0x00000000080013fc                TIM4_IRQHandler
                0x00000000080013fc                I2C1_EV_IRQHandler
                0x00000000080013fc                DMA1_Stream6_IRQHandler
                0x00000000080013fc                DMA1_Stream1_IRQHandler
                0x00000000080013fc                UART4_IRQHandler
                0x00000000080013fc                TIM3_IRQHandler
                0x00000000080013fc                RCC_IRQHandler
                0x00000000080013fc                TIM8_BRK_TIM12_IRQHandler
                0x00000000080013fc                Default_Handler
                0x00000000080013fc                EXTI15_10_IRQHandler
                0x00000000080013fc                ADC_IRQHandler
                0x00000000080013fc                DMA1_Stream7_IRQHandler
                0x00000000080013fc                TIM7_IRQHandler
                0x00000000080013fc                CAN2_TX_IRQHandler
                0x00000000080013fc                TIM5_IRQHandler
                0x00000000080013fc                DMA2_Stream7_IRQHandler
                0x00000000080013fc                I2C3_EV_IRQHandler
                0x00000000080013fc                EXTI9_5_IRQHandler
                0x00000000080013fc                RTC_WKUP_IRQHandler
                0x00000000080013fc                ETH_WKUP_IRQHandler
                0x00000000080013fc                SPI2_IRQHandler
                0x00000000080013fc                OTG_HS_EP1_IN_IRQHandler
                0x00000000080013fc                DMA1_Stream0_IRQHandler
                0x00000000080013fc                CAN1_TX_IRQHandler
                0x00000000080013fc                EXTI4_IRQHandler
                0x00000000080013fc                FSMC_IRQHandler
                0x00000000080013fc                ETH_IRQHandler
                0x00000000080013fc                OTG_HS_EP1_OUT_IRQHandler
                0x00000000080013fc                WWDG_IRQHandler
                0x00000000080013fc                TIM2_IRQHandler
                0x00000000080013fc                OTG_FS_WKUP_IRQHandler
                0x00000000080013fc                TIM1_TRG_COM_TIM11_IRQHandler
                0x00000000080013fc                OTG_HS_IRQHandler
                0x00000000080013fc                EXTI1_IRQHandler
                0x00000000080013fc                USART2_IRQHandler
                0x00000000080013fc                I2C2_ER_IRQHandler
                0x00000000080013fc                DMA2_Stream1_IRQHandler
                0x00000000080013fc                CAN1_SCE_IRQHandler
                0x00000000080013fc                FLASH_IRQHandler
                0x00000000080013fc                DMA2_Stream4_IRQHandler
                0x00000000080013fc                USART1_IRQHandler
                0x00000000080013fc                OTG_FS_IRQHandler
                0x00000000080013fc                SPI3_IRQHandler
                0x00000000080013fc                DMA1_Stream4_IRQHandler
                0x00000000080013fc                I2C1_ER_IRQHandler
                0x00000000080013fc                DMA2_Stream6_IRQHandler
                0x00000000080013fc                DMA1_Stream3_IRQHandler
 *fill*         0x00000000080013fe        0x2 
 .text.HAL_Init
                0x0000000008001400       0x44 Drivers/STM32F4xx_HAL_Driver/Src/stm32f4xx_hal.o
                0x0000000008001400                HAL_Init
 .text.HAL_InitTick
                0x0000000008001444       0x60 Drivers/STM32F4xx_HAL_Driver/Src/stm32f4xx_hal.o
                0x0000000008001444                HAL_InitTick
 .text.HAL_IncTick
                0x00000000080014a4       0x28 Drivers/STM32F4xx_HAL_Driver/Src/stm32f4xx_hal.o
                0x00000000080014a4                HAL_IncTick
 .text.HAL_GetTick
                0x00000000080014cc       0x18 Drivers/STM32F4xx_HAL_Driver/Src/stm32f4xx_hal.o
                0x00000000080014cc                HAL_GetTick
 .text.HAL_Delay
                0x00000000080014e4       0x44 Drivers/STM32F4xx_HAL_Driver/Src/stm32f4xx_hal.o
                0x00000000080014e4                HAL_Delay
 .text.HAL_ADC_Init
                0x0000000008001528       0x86 Drivers/STM32F4xx_HAL_Driver/Src/stm32f4xx_hal_adc.o
                0x0000000008001528                HAL_ADC_Init
 *fill*         0x00000000080015ae        0x2 
 .text.HAL_ADC_Start
                0x00000000080015b0      0x18c Drivers/STM32F4xx_HAL_Driver/Src/stm32f4xx_hal_adc.o
                0x00000000080015b0                HAL_ADC_Start
 .text.HAL_ADC_Stop
                0x000000000800173c       0x66 Drivers/STM32F4xx_HAL_Driver/Src/stm32f4xx_hal_adc.o
                0x000000000800173c                HAL_ADC_Stop
 .text.HAL_ADC_PollForConversion
                0x00000000080017a2      0x108 Drivers/STM32F4xx_HAL_Driver/Src/stm32f4xx_hal_adc.o
                0x00000000080017a2                HAL_ADC_PollForConversion
 .text.HAL_ADC_GetValue
                0x00000000080018aa       0x1a Drivers/STM32F4xx_HAL_Driver/Src/stm32f4xx_hal_adc.o
                0x00000000080018aa                HAL_ADC_GetValue
 .text.HAL_ADC_ConfigChannel
                0x00000000080018c4      0x244 Drivers/STM32F4xx_HAL_Driver/Src/stm32f4xx_hal_adc.o
                0x00000000080018c4                HAL_ADC_ConfigChannel
 .text.ADC_Init
                0x0000000008001b08      0x1f8 Drivers/STM32F4xx_HAL_Driver/Src/stm32f4xx_hal_adc.o
 .text.__NVIC_SetPriorityGrouping
                0x0000000008001d00       0x48 Drivers/STM32F4xx_HAL_Driver/Src/stm32f4xx_hal_cortex.o
 .text.__NVIC_GetPriorityGrouping
                0x0000000008001d48       0x1c Drivers/STM32F4xx_HAL_Driver/Src/stm32f4xx_hal_cortex.o
 .text.__NVIC_SetPriority
                0x0000000008001d64       0x54 Drivers/STM32F4xx_HAL_Driver/Src/stm32f4xx_hal_cortex.o
 .text.NVIC_EncodePriority
                0x0000000008001db8       0x66 Drivers/STM32F4xx_HAL_Driver/Src/stm32f4xx_hal_cortex.o
 *fill*         0x0000000008001e1e        0x2 
 .text.SysTick_Config
                0x0000000008001e20       0x44 Drivers/STM32F4xx_HAL_Driver/Src/stm32f4xx_hal_cortex.o
 .text.HAL_NVIC_SetPriorityGrouping
                0x0000000008001e64       0x16 Drivers/STM32F4xx_HAL_Driver/Src/stm32f4xx_hal_cortex.o
                0x0000000008001e64                HAL_NVIC_SetPriorityGrouping
 .text.HAL_NVIC_SetPriority
                0x0000000008001e7a       0x38 Drivers/STM32F4xx_HAL_Driver/Src/stm32f4xx_hal_cortex.o
                0x0000000008001e7a                HAL_NVIC_SetPriority
 .text.HAL_SYSTICK_Config
                0x0000000008001eb2       0x18 Drivers/STM32F4xx_HAL_Driver/Src/stm32f4xx_hal_cortex.o
                0x0000000008001eb2                HAL_SYSTICK_Config
 *fill*         0x0000000008001eca        0x2 
 .text.HAL_GPIO_Init
                0x0000000008001ecc      0x334 Drivers/STM32F4xx_HAL_Driver/Src/stm32f4xx_hal_gpio.o
                0x0000000008001ecc                HAL_GPIO_Init
 .text.HAL_GPIO_WritePin
                0x0000000008002200       0x32 Drivers/STM32F4xx_HAL_Driver/Src/stm32f4xx_hal_gpio.o
                0x0000000008002200                HAL_GPIO_WritePin
 .text.HAL_GPIO_TogglePin
                0x0000000008002232       0x36 Drivers/STM32F4xx_HAL_Driver/Src/stm32f4xx_hal_gpio.o
                0x0000000008002232                HAL_GPIO_TogglePin
 .text.HAL_RCC_OscConfig
                0x0000000008002268      0x4e0 Drivers/STM32F4xx_HAL_Driver/Src/stm32f4xx_hal_rcc.o
                0x0000000008002268                HAL_RCC_OscConfig
 .text.HAL_RCC_ClockConfig
                0x0000000008002748      0x1cc Drivers/STM32F4xx_HAL_Driver/Src/stm32f4xx_hal_rcc.o
                0x0000000008002748                HAL_RCC_ClockConfig
 .text.HAL_RCC_GetSysClockFreq
                0x0000000008002914      0x1b0 Drivers/STM32F4xx_HAL_Driver/Src/stm32f4xx_hal_rcc.o
                0x0000000008002914                HAL_RCC_GetSysClockFreq
 .text.__errno  0x0000000008002ac4        0xc /home/anatolii/st-stm32cubeide_1.2.0_5034_20200108_0926_amd64.sh.root/y/plugins/com.st.stm32cube.ide.mcu.externaltools.gnu-tools-for-stm32.7-2018-q2-update.linux64_1.0.0.201904181610/tools/bin/../lib/gcc/arm-none-eabi/7.3.1/../../../../arm-none-eabi/lib/thumb/v7e-m/fpv4-sp/hard/libc_nano.a(lib_a-errno.o)
                0x0000000008002ac4                __errno
 .text.__libc_init_array
                0x0000000008002ad0       0x48 /home/anatolii/st-stm32cubeide_1.2.0_5034_20200108_0926_amd64.sh.root/y/plugins/com.st.stm32cube.ide.mcu.externaltools.gnu-tools-for-stm32.7-2018-q2-update.linux64_1.0.0.201904181610/tools/bin/../lib/gcc/arm-none-eabi/7.3.1/../../../../arm-none-eabi/lib/thumb/v7e-m/fpv4-sp/hard/libc_nano.a(lib_a-init.o)
                0x0000000008002ad0                __libc_init_array
 .text.memset   0x0000000008002b18       0x10 /home/anatolii/st-stm32cubeide_1.2.0_5034_20200108_0926_amd64.sh.root/y/plugins/com.st.stm32cube.ide.mcu.externaltools.gnu-tools-for-stm32.7-2018-q2-update.linux64_1.0.0.201904181610/tools/bin/../lib/gcc/arm-none-eabi/7.3.1/../../../../arm-none-eabi/lib/thumb/v7e-m/fpv4-sp/hard/libc_nano.a(lib_a-memset.o)
                0x0000000008002b18                memset
 .text.pow      0x0000000008002b28      0x2e0 /home/anatolii/st-stm32cubeide_1.2.0_5034_20200108_0926_amd64.sh.root/y/plugins/com.st.stm32cube.ide.mcu.externaltools.gnu-tools-for-stm32.7-2018-q2-update.linux64_1.0.0.201904181610/tools/bin/../lib/gcc/arm-none-eabi/7.3.1/../../../../arm-none-eabi/lib/thumb/v7e-m/fpv4-sp/hard/libm.a(lib_a-w_pow.o)
                0x0000000008002b28                pow
 .text.__ieee754_pow
                0x0000000008002e08      0xa1c /home/anatolii/st-stm32cubeide_1.2.0_5034_20200108_0926_amd64.sh.root/y/plugins/com.st.stm32cube.ide.mcu.externaltools.gnu-tools-for-stm32.7-2018-q2-update.linux64_1.0.0.201904181610/tools/bin/../lib/gcc/arm-none-eabi/7.3.1/../../../../arm-none-eabi/lib/thumb/v7e-m/fpv4-sp/hard/libm.a(lib_a-e_pow.o)
                0x0000000008002e08                __ieee754_pow
 .text.__ieee754_sqrt
                0x0000000008003824      0x160 /home/anatolii/st-stm32cubeide_1.2.0_5034_20200108_0926_amd64.sh.root/y/plugins/com.st.stm32cube.ide.mcu.externaltools.gnu-tools-for-stm32.7-2018-q2-update.linux64_1.0.0.201904181610/tools/bin/../lib/gcc/arm-none-eabi/7.3.1/../../../../arm-none-eabi/lib/thumb/v7e-m/fpv4-sp/hard/libm.a(lib_a-e_sqrt.o)
                0x0000000008003824                __ieee754_sqrt
 .text.fabs     0x0000000008003984       0x12 /home/anatolii/st-stm32cubeide_1.2.0_5034_20200108_0926_amd64.sh.root/y/plugins/com.st.stm32cube.ide.mcu.externaltools.gnu-tools-for-stm32.7-2018-q2-update.linux64_1.0.0.201904181610/tools/bin/../lib/gcc/arm-none-eabi/7.3.1/../../../../arm-none-eabi/lib/thumb/v7e-m/fpv4-sp/hard/libm.a(lib_a-s_fabs.o)
                0x0000000008003984                fabs
 .text.finite   0x0000000008003996       0x10 /home/anatolii/st-stm32cubeide_1.2.0_5034_20200108_0926_amd64.sh.root/y/plugins/com.st.stm32cube.ide.mcu.externaltools.gnu-tools-for-stm32.7-2018-q2-update.linux64_1.0.0.201904181610/tools/bin/../lib/gcc/arm-none-eabi/7.3.1/../../../../arm-none-eabi/lib/thumb/v7e-m/fpv4-sp/hard/libm.a(lib_a-s_finite.o)
                0x0000000008003996                finite
 .text.matherr  0x00000000080039a6        0x4 /home/anatolii/st-stm32cubeide_1.2.0_5034_20200108_0926_amd64.sh.root/y/plugins/com.st.stm32cube.ide.mcu.externaltools.gnu-tools-for-stm32.7-2018-q2-update.linux64_1.0.0.201904181610/tools/bin/../lib/gcc/arm-none-eabi/7.3.1/../../../../arm-none-eabi/lib/thumb/v7e-m/fpv4-sp/hard/libm.a(lib_a-s_matherr.o)
                0x00000000080039a6                matherr
 *fill*         0x00000000080039aa        0x6 
 .text.nan      0x00000000080039b0       0x10 /home/anatolii/st-stm32cubeide_1.2.0_5034_20200108_0926_amd64.sh.root/y/plugins/com.st.stm32cube.ide.mcu.externaltools.gnu-tools-for-stm32.7-2018-q2-update.linux64_1.0.0.201904181610/tools/bin/../lib/gcc/arm-none-eabi/7.3.1/../../../../arm-none-eabi/lib/thumb/v7e-m/fpv4-sp/hard/libm.a(lib_a-s_nan.o)
                0x00000000080039b0                nan
 .text.rint     0x00000000080039c0      0x108 /home/anatolii/st-stm32cubeide_1.2.0_5034_20200108_0926_amd64.sh.root/y/plugins/com.st.stm32cube.ide.mcu.externaltools.gnu-tools-for-stm32.7-2018-q2-update.linux64_1.0.0.201904181610/tools/bin/../lib/gcc/arm-none-eabi/7.3.1/../../../../arm-none-eabi/lib/thumb/v7e-m/fpv4-sp/hard/libm.a(lib_a-s_rint.o)
                0x00000000080039c0                rint
 .text.scalbn   0x0000000008003ac8       0xec /home/anatolii/st-stm32cubeide_1.2.0_5034_20200108_0926_amd64.sh.root/y/plugins/com.st.stm32cube.ide.mcu.externaltools.gnu-tools-for-stm32.7-2018-q2-update.linux64_1.0.0.201904181610/tools/bin/../lib/gcc/arm-none-eabi/7.3.1/../../../../arm-none-eabi/lib/thumb/v7e-m/fpv4-sp/hard/libm.a(lib_a-s_scalbn.o)
                0x0000000008003ac8                scalbn
 .text.copysign
                0x0000000008003bb4       0x1e /home/anatolii/st-stm32cubeide_1.2.0_5034_20200108_0926_amd64.sh.root/y/plugins/com.st.stm32cube.ide.mcu.externaltools.gnu-tools-for-stm32.7-2018-q2-update.linux64_1.0.0.201904181610/tools/bin/../lib/gcc/arm-none-eabi/7.3.1/../../../../arm-none-eabi/lib/thumb/v7e-m/fpv4-sp/hard/libm.a(lib_a-s_copysign.o)
                0x0000000008003bb4                copysign
 *(.glue_7)
 .glue_7        0x0000000008003bd2        0x0 linker stubs
 *(.glue_7t)
 .glue_7t       0x0000000008003bd2        0x0 linker stubs
 *(.eh_frame)
 *fill*         0x0000000008003bd2        0x2 
 .eh_frame      0x0000000008003bd4        0x0 /home/anatolii/st-stm32cubeide_1.2.0_5034_20200108_0926_amd64.sh.root/y/plugins/com.st.stm32cube.ide.mcu.externaltools.gnu-tools-for-stm32.7-2018-q2-update.linux64_1.0.0.201904181610/tools/bin/../lib/gcc/arm-none-eabi/7.3.1/thumb/v7e-m/fpv4-sp/hard/crtbegin.o
 *(.init)
 .init          0x0000000008003bd4        0x4 /home/anatolii/st-stm32cubeide_1.2.0_5034_20200108_0926_amd64.sh.root/y/plugins/com.st.stm32cube.ide.mcu.externaltools.gnu-tools-for-stm32.7-2018-q2-update.linux64_1.0.0.201904181610/tools/bin/../lib/gcc/arm-none-eabi/7.3.1/thumb/v7e-m/fpv4-sp/hard/crti.o
                0x0000000008003bd4                _init
 .init          0x0000000008003bd8        0x8 /home/anatolii/st-stm32cubeide_1.2.0_5034_20200108_0926_amd64.sh.root/y/plugins/com.st.stm32cube.ide.mcu.externaltools.gnu-tools-for-stm32.7-2018-q2-update.linux64_1.0.0.201904181610/tools/bin/../lib/gcc/arm-none-eabi/7.3.1/thumb/v7e-m/fpv4-sp/hard/crtn.o
 *(.fini)
 .fini          0x0000000008003be0        0x4 /home/anatolii/st-stm32cubeide_1.2.0_5034_20200108_0926_amd64.sh.root/y/plugins/com.st.stm32cube.ide.mcu.externaltools.gnu-tools-for-stm32.7-2018-q2-update.linux64_1.0.0.201904181610/tools/bin/../lib/gcc/arm-none-eabi/7.3.1/thumb/v7e-m/fpv4-sp/hard/crti.o
                0x0000000008003be0                _fini
 .fini          0x0000000008003be4        0x8 /home/anatolii/st-stm32cubeide_1.2.0_5034_20200108_0926_amd64.sh.root/y/plugins/com.st.stm32cube.ide.mcu.externaltools.gnu-tools-for-stm32.7-2018-q2-update.linux64_1.0.0.201904181610/tools/bin/../lib/gcc/arm-none-eabi/7.3.1/thumb/v7e-m/fpv4-sp/hard/crtn.o
                0x0000000008003bec                . = ALIGN (0x4)
                0x0000000008003bec                _etext = .

.vfp11_veneer   0x0000000008003bec        0x0
 .vfp11_veneer  0x0000000008003bec        0x0 linker stubs

.v4_bx          0x0000000008003bec        0x0
 .v4_bx         0x0000000008003bec        0x0 linker stubs

.iplt           0x0000000008003bec        0x0
 .iplt          0x0000000008003bec        0x0 /home/anatolii/st-stm32cubeide_1.2.0_5034_20200108_0926_amd64.sh.root/y/plugins/com.st.stm32cube.ide.mcu.externaltools.gnu-tools-for-stm32.7-2018-q2-update.linux64_1.0.0.201904181610/tools/bin/../lib/gcc/arm-none-eabi/7.3.1/thumb/v7e-m/fpv4-sp/hard/crtbegin.o

.rodata         0x0000000008003bf0       0x58
                0x0000000008003bf0                . = ALIGN (0x4)
 *(.rodata)
 *(.rodata*)
 .rodata.AHBPrescTable
                0x0000000008003bf0       0x10 Core/Src/system_stm32f4xx.o
                0x0000000008003bf0                AHBPrescTable
 .rodata.pow.str1.1
                0x0000000008003c00        0x4 /home/anatolii/st-stm32cubeide_1.2.0_5034_20200108_0926_amd64.sh.root/y/plugins/com.st.stm32cube.ide.mcu.externaltools.gnu-tools-for-stm32.7-2018-q2-update.linux64_1.0.0.201904181610/tools/bin/../lib/gcc/arm-none-eabi/7.3.1/../../../../arm-none-eabi/lib/thumb/v7e-m/fpv4-sp/hard/libm.a(lib_a-w_pow.o)
 .rodata.__ieee754_pow.str1.1
                0x0000000008003c04        0x4 /home/anatolii/st-stm32cubeide_1.2.0_5034_20200108_0926_amd64.sh.root/y/plugins/com.st.stm32cube.ide.mcu.externaltools.gnu-tools-for-stm32.7-2018-q2-update.linux64_1.0.0.201904181610/tools/bin/../lib/gcc/arm-none-eabi/7.3.1/../../../../arm-none-eabi/lib/thumb/v7e-m/fpv4-sp/hard/libm.a(lib_a-e_pow.o)
                                          0x1 (size before relaxing)
 *fill*         0x0000000008003c04        0x4 
 .rodata.bp     0x0000000008003c08       0x10 /home/anatolii/st-stm32cubeide_1.2.0_5034_20200108_0926_amd64.sh.root/y/plugins/com.st.stm32cube.ide.mcu.externaltools.gnu-tools-for-stm32.7-2018-q2-update.linux64_1.0.0.201904181610/tools/bin/../lib/gcc/arm-none-eabi/7.3.1/../../../../arm-none-eabi/lib/thumb/v7e-m/fpv4-sp/hard/libm.a(lib_a-e_pow.o)
 .rodata.dp_h   0x0000000008003c18       0x10 /home/anatolii/st-stm32cubeide_1.2.0_5034_20200108_0926_amd64.sh.root/y/plugins/com.st.stm32cube.ide.mcu.externaltools.gnu-tools-for-stm32.7-2018-q2-update.linux64_1.0.0.201904181610/tools/bin/../lib/gcc/arm-none-eabi/7.3.1/../../../../arm-none-eabi/lib/thumb/v7e-m/fpv4-sp/hard/libm.a(lib_a-e_pow.o)
 .rodata.dp_l   0x0000000008003c28       0x10 /home/anatolii/st-stm32cubeide_1.2.0_5034_20200108_0926_amd64.sh.root/y/plugins/com.st.stm32cube.ide.mcu.externaltools.gnu-tools-for-stm32.7-2018-q2-update.linux64_1.0.0.201904181610/tools/bin/../lib/gcc/arm-none-eabi/7.3.1/../../../../arm-none-eabi/lib/thumb/v7e-m/fpv4-sp/hard/libm.a(lib_a-e_pow.o)
 .rodata.TWO52  0x0000000008003c38       0x10 /home/anatolii/st-stm32cubeide_1.2.0_5034_20200108_0926_amd64.sh.root/y/plugins/com.st.stm32cube.ide.mcu.externaltools.gnu-tools-for-stm32.7-2018-q2-update.linux64_1.0.0.201904181610/tools/bin/../lib/gcc/arm-none-eabi/7.3.1/../../../../arm-none-eabi/lib/thumb/v7e-m/fpv4-sp/hard/libm.a(lib_a-s_rint.o)
                0x0000000008003c48                . = ALIGN (0x4)

.ARM.extab      0x0000000008003c48        0x0
                0x0000000008003c48                . = ALIGN (0x4)
 *(.ARM.extab* .gnu.linkonce.armextab.*)
                0x0000000008003c48                . = ALIGN (0x4)

.ARM            0x0000000008003c48        0x8
                0x0000000008003c48                . = ALIGN (0x4)
                0x0000000008003c48                __exidx_start = .
 *(.ARM.exidx*)
 .ARM.exidx     0x0000000008003c48        0x8 /home/anatolii/st-stm32cubeide_1.2.0_5034_20200108_0926_amd64.sh.root/y/plugins/com.st.stm32cube.ide.mcu.externaltools.gnu-tools-for-stm32.7-2018-q2-update.linux64_1.0.0.201904181610/tools/bin/../lib/gcc/arm-none-eabi/7.3.1/thumb/v7e-m/fpv4-sp/hard/libgcc.a(_udivmoddi4.o)
                0x0000000008003c50                __exidx_end = .
                0x0000000008003c50                . = ALIGN (0x4)

.rel.dyn        0x0000000008003c50        0x0
 .rel.iplt      0x0000000008003c50        0x0 /home/anatolii/st-stm32cubeide_1.2.0_5034_20200108_0926_amd64.sh.root/y/plugins/com.st.stm32cube.ide.mcu.externaltools.gnu-tools-for-stm32.7-2018-q2-update.linux64_1.0.0.201904181610/tools/bin/../lib/gcc/arm-none-eabi/7.3.1/thumb/v7e-m/fpv4-sp/hard/crtbegin.o

.preinit_array  0x0000000008003c50        0x0
                0x0000000008003c50                . = ALIGN (0x4)
                0x0000000008003c50                PROVIDE (__preinit_array_start = .)
 *(.preinit_array*)
                0x0000000008003c50                PROVIDE (__preinit_array_end = .)
                0x0000000008003c50                . = ALIGN (0x4)

.init_array     0x0000000008003c50        0x4
                0x0000000008003c50                . = ALIGN (0x4)
                0x0000000008003c50                PROVIDE (__init_array_start = .)
 *(SORT_BY_NAME(.init_array.*))
 *(.init_array*)
 .init_array    0x0000000008003c50        0x4 /home/anatolii/st-stm32cubeide_1.2.0_5034_20200108_0926_amd64.sh.root/y/plugins/com.st.stm32cube.ide.mcu.externaltools.gnu-tools-for-stm32.7-2018-q2-update.linux64_1.0.0.201904181610/tools/bin/../lib/gcc/arm-none-eabi/7.3.1/thumb/v7e-m/fpv4-sp/hard/crtbegin.o
                0x0000000008003c54                PROVIDE (__init_array_end = .)
                0x0000000008003c54                . = ALIGN (0x4)

.fini_array     0x0000000008003c54        0x4
                0x0000000008003c54                . = ALIGN (0x4)
                [!provide]                        PROVIDE (__fini_array_start = .)
 *(SORT_BY_NAME(.fini_array.*))
 *(.fini_array*)
 .fini_array    0x0000000008003c54        0x4 /home/anatolii/st-stm32cubeide_1.2.0_5034_20200108_0926_amd64.sh.root/y/plugins/com.st.stm32cube.ide.mcu.externaltools.gnu-tools-for-stm32.7-2018-q2-update.linux64_1.0.0.201904181610/tools/bin/../lib/gcc/arm-none-eabi/7.3.1/thumb/v7e-m/fpv4-sp/hard/crtbegin.o
                [!provide]                        PROVIDE (__fini_array_end = .)
                0x0000000008003c58                . = ALIGN (0x4)
                0x0000000008003c58                _sidata = LOADADDR (.data)

.data           0x0000000020000000       0x8c load address 0x0000000008003c58
                0x0000000020000000                . = ALIGN (0x4)
                0x0000000020000000                _sdata = .
 *(.data)
 *(.data*)
 .data.RValue   0x0000000020000000        0x4 Core/Src/main.o
                0x0000000020000000                RValue
 .data.Koef_conv_to_3v
                0x0000000020000004        0x4 Core/Src/main.o
                0x0000000020000004                Koef_conv_to_3v
 .data.Input_v  0x0000000020000008        0x4 Core/Src/main.o
                0x0000000020000008                Input_v
 .data.R0_MQ3   0x000000002000000c        0x4 Core/Src/main.o
                0x000000002000000c                R0_MQ3
 .data.PPM_low  0x0000000020000010        0x4 Core/Src/main.o
                0x0000000020000010                PPM_low
 .data.PPM_hight
                0x0000000020000014        0x4 Core/Src/main.o
                0x0000000020000014                PPM_hight
 .data.SystemCoreClock
                0x0000000020000018        0x4 Core/Src/system_stm32f4xx.o
                0x0000000020000018                SystemCoreClock
 .data.uwTickPrio
                0x000000002000001c        0x4 Drivers/STM32F4xx_HAL_Driver/Src/stm32f4xx_hal.o
                0x000000002000001c                uwTickPrio
 .data.uwTickFreq
                0x0000000020000020        0x1 Drivers/STM32F4xx_HAL_Driver/Src/stm32f4xx_hal.o
                0x0000000020000020                uwTickFreq
 *fill*         0x0000000020000021        0x3 
 .data._impure_ptr
                0x0000000020000024        0x4 /home/anatolii/st-stm32cubeide_1.2.0_5034_20200108_0926_amd64.sh.root/y/plugins/com.st.stm32cube.ide.mcu.externaltools.gnu-tools-for-stm32.7-2018-q2-update.linux64_1.0.0.201904181610/tools/bin/../lib/gcc/arm-none-eabi/7.3.1/../../../../arm-none-eabi/lib/thumb/v7e-m/fpv4-sp/hard/libc_nano.a(lib_a-impure.o)
                0x0000000020000024                _impure_ptr
 .data.impure_data
                0x0000000020000028       0x60 /home/anatolii/st-stm32cubeide_1.2.0_5034_20200108_0926_amd64.sh.root/y/plugins/com.st.stm32cube.ide.mcu.externaltools.gnu-tools-for-stm32.7-2018-q2-update.linux64_1.0.0.201904181610/tools/bin/../lib/gcc/arm-none-eabi/7.3.1/../../../../arm-none-eabi/lib/thumb/v7e-m/fpv4-sp/hard/libc_nano.a(lib_a-impure.o)
 .data.__fdlib_version
                0x0000000020000088        0x1 /home/anatolii/st-stm32cubeide_1.2.0_5034_20200108_0926_amd64.sh.root/y/plugins/com.st.stm32cube.ide.mcu.externaltools.gnu-tools-for-stm32.7-2018-q2-update.linux64_1.0.0.201904181610/tools/bin/../lib/gcc/arm-none-eabi/7.3.1/../../../../arm-none-eabi/lib/thumb/v7e-m/fpv4-sp/hard/libm.a(lib_a-s_lib_ver.o)
                0x0000000020000088                __fdlib_version
                0x000000002000008c                . = ALIGN (0x4)
 *fill*         0x0000000020000089        0x3 
                0x000000002000008c                _edata = .

.igot.plt       0x000000002000008c        0x0 load address 0x0000000008003ce4
 .igot.plt      0x000000002000008c        0x0 /home/anatolii/st-stm32cubeide_1.2.0_5034_20200108_0926_amd64.sh.root/y/plugins/com.st.stm32cube.ide.mcu.externaltools.gnu-tools-for-stm32.7-2018-q2-update.linux64_1.0.0.201904181610/tools/bin/../lib/gcc/arm-none-eabi/7.3.1/thumb/v7e-m/fpv4-sp/hard/crtbegin.o
                0x000000002000008c                . = ALIGN (0x4)

.bss            0x000000002000008c       0x68 load address 0x0000000008003ce4
                0x000000002000008c                _sbss = .
                0x000000002000008c                __bss_start__ = _sbss
 *(.bss)
 .bss           0x000000002000008c       0x1c /home/anatolii/st-stm32cubeide_1.2.0_5034_20200108_0926_amd64.sh.root/y/plugins/com.st.stm32cube.ide.mcu.externaltools.gnu-tools-for-stm32.7-2018-q2-update.linux64_1.0.0.201904181610/tools/bin/../lib/gcc/arm-none-eabi/7.3.1/thumb/v7e-m/fpv4-sp/hard/crtbegin.o
 *(.bss*)
 *(COMMON)
 COMMON         0x00000000200000a8       0x48 Core/Src/main.o
                0x00000000200000a8                hadc1
 COMMON         0x00000000200000f0        0x4 Drivers/STM32F4xx_HAL_Driver/Src/stm32f4xx_hal.o
                0x00000000200000f0                uwTick
                0x00000000200000f4                . = ALIGN (0x4)
                0x00000000200000f4                _ebss = .
                0x00000000200000f4                __bss_end__ = _ebss

._user_heap_stack
                0x00000000200000f4      0x604 load address 0x0000000008003ce4
                0x00000000200000f8                . = ALIGN (0x8)
 *fill*         0x00000000200000f4        0x4 
                0x00000000200000f8                PROVIDE (end = .)
                [!provide]                        PROVIDE (_end = .)
                0x00000000200002f8                . = (. + _Min_Heap_Size)
 *fill*         0x00000000200000f8      0x200 
                0x00000000200006f8                . = (. + _Min_Stack_Size)
 *fill*         0x00000000200002f8      0x400 
                0x00000000200006f8                . = ALIGN (0x8)

/DISCARD/
 libc.a(*)
 libm.a(*)
 libgcc.a(*)

.ARM.attributes
                0x0000000000000000       0x30
 *(.ARM.attributes)
 .ARM.attributes
                0x0000000000000000       0x22 /home/anatolii/st-stm32cubeide_1.2.0_5034_20200108_0926_amd64.sh.root/y/plugins/com.st.stm32cube.ide.mcu.externaltools.gnu-tools-for-stm32.7-2018-q2-update.linux64_1.0.0.201904181610/tools/bin/../lib/gcc/arm-none-eabi/7.3.1/thumb/v7e-m/fpv4-sp/hard/crti.o
 .ARM.attributes
                0x0000000000000022       0x34 /home/anatolii/st-stm32cubeide_1.2.0_5034_20200108_0926_amd64.sh.root/y/plugins/com.st.stm32cube.ide.mcu.externaltools.gnu-tools-for-stm32.7-2018-q2-update.linux64_1.0.0.201904181610/tools/bin/../lib/gcc/arm-none-eabi/7.3.1/thumb/v7e-m/fpv4-sp/hard/crtbegin.o
 .ARM.attributes
                0x0000000000000056       0x39 Core/Src/main.o
 .ARM.attributes
                0x000000000000008f       0x39 Core/Src/stm32f4xx_hal_msp.o
 .ARM.attributes
                0x00000000000000c8       0x39 Core/Src/stm32f4xx_it.o
 .ARM.attributes
                0x0000000000000101       0x39 Core/Src/system_stm32f4xx.o
 .ARM.attributes
                0x000000000000013a       0x21 Core/Startup/startup_stm32f407vgtx.o
 .ARM.attributes
                0x000000000000015b       0x39 Drivers/STM32F4xx_HAL_Driver/Src/stm32f4xx_hal.o
 .ARM.attributes
                0x0000000000000194       0x39 Drivers/STM32F4xx_HAL_Driver/Src/stm32f4xx_hal_adc.o
 .ARM.attributes
                0x00000000000001cd       0x39 Drivers/STM32F4xx_HAL_Driver/Src/stm32f4xx_hal_cortex.o
 .ARM.attributes
                0x0000000000000206       0x39 Drivers/STM32F4xx_HAL_Driver/Src/stm32f4xx_hal_gpio.o
 .ARM.attributes
                0x000000000000023f       0x39 Drivers/STM32F4xx_HAL_Driver/Src/stm32f4xx_hal_rcc.o
 .ARM.attributes
                0x0000000000000278       0x34 /home/anatolii/st-stm32cubeide_1.2.0_5034_20200108_0926_amd64.sh.root/y/plugins/com.st.stm32cube.ide.mcu.externaltools.gnu-tools-for-stm32.7-2018-q2-update.linux64_1.0.0.201904181610/tools/bin/../lib/gcc/arm-none-eabi/7.3.1/../../../../arm-none-eabi/lib/thumb/v7e-m/fpv4-sp/hard/libc_nano.a(lib_a-errno.o)
 .ARM.attributes
                0x00000000000002ac       0x34 /home/anatolii/st-stm32cubeide_1.2.0_5034_20200108_0926_amd64.sh.root/y/plugins/com.st.stm32cube.ide.mcu.externaltools.gnu-tools-for-stm32.7-2018-q2-update.linux64_1.0.0.201904181610/tools/bin/../lib/gcc/arm-none-eabi/7.3.1/../../../../arm-none-eabi/lib/thumb/v7e-m/fpv4-sp/hard/libc_nano.a(lib_a-impure.o)
 .ARM.attributes
                0x00000000000002e0       0x34 /home/anatolii/st-stm32cubeide_1.2.0_5034_20200108_0926_amd64.sh.root/y/plugins/com.st.stm32cube.ide.mcu.externaltools.gnu-tools-for-stm32.7-2018-q2-update.linux64_1.0.0.201904181610/tools/bin/../lib/gcc/arm-none-eabi/7.3.1/../../../../arm-none-eabi/lib/thumb/v7e-m/fpv4-sp/hard/libc_nano.a(lib_a-init.o)
 .ARM.attributes
                0x0000000000000314       0x34 /home/anatolii/st-stm32cubeide_1.2.0_5034_20200108_0926_amd64.sh.root/y/plugins/com.st.stm32cube.ide.mcu.externaltools.gnu-tools-for-stm32.7-2018-q2-update.linux64_1.0.0.201904181610/tools/bin/../lib/gcc/arm-none-eabi/7.3.1/../../../../arm-none-eabi/lib/thumb/v7e-m/fpv4-sp/hard/libc_nano.a(lib_a-memset.o)
 .ARM.attributes
                0x0000000000000348       0x34 /home/anatolii/st-stm32cubeide_1.2.0_5034_20200108_0926_amd64.sh.root/y/plugins/com.st.stm32cube.ide.mcu.externaltools.gnu-tools-for-stm32.7-2018-q2-update.linux64_1.0.0.201904181610/tools/bin/../lib/gcc/arm-none-eabi/7.3.1/../../../../arm-none-eabi/lib/thumb/v7e-m/fpv4-sp/hard/libm.a(lib_a-w_pow.o)
 .ARM.attributes
                0x000000000000037c       0x34 /home/anatolii/st-stm32cubeide_1.2.0_5034_20200108_0926_amd64.sh.root/y/plugins/com.st.stm32cube.ide.mcu.externaltools.gnu-tools-for-stm32.7-2018-q2-update.linux64_1.0.0.201904181610/tools/bin/../lib/gcc/arm-none-eabi/7.3.1/../../../../arm-none-eabi/lib/thumb/v7e-m/fpv4-sp/hard/libm.a(lib_a-e_pow.o)
 .ARM.attributes
                0x00000000000003b0       0x34 /home/anatolii/st-stm32cubeide_1.2.0_5034_20200108_0926_amd64.sh.root/y/plugins/com.st.stm32cube.ide.mcu.externaltools.gnu-tools-for-stm32.7-2018-q2-update.linux64_1.0.0.201904181610/tools/bin/../lib/gcc/arm-none-eabi/7.3.1/../../../../arm-none-eabi/lib/thumb/v7e-m/fpv4-sp/hard/libm.a(lib_a-e_sqrt.o)
 .ARM.attributes
                0x00000000000003e4       0x34 /home/anatolii/st-stm32cubeide_1.2.0_5034_20200108_0926_amd64.sh.root/y/plugins/com.st.stm32cube.ide.mcu.externaltools.gnu-tools-for-stm32.7-2018-q2-update.linux64_1.0.0.201904181610/tools/bin/../lib/gcc/arm-none-eabi/7.3.1/../../../../arm-none-eabi/lib/thumb/v7e-m/fpv4-sp/hard/libm.a(lib_a-s_fabs.o)
 .ARM.attributes
                0x0000000000000418       0x34 /home/anatolii/st-stm32cubeide_1.2.0_5034_20200108_0926_amd64.sh.root/y/plugins/com.st.stm32cube.ide.mcu.externaltools.gnu-tools-for-stm32.7-2018-q2-update.linux64_1.0.0.201904181610/tools/bin/../lib/gcc/arm-none-eabi/7.3.1/../../../../arm-none-eabi/lib/thumb/v7e-m/fpv4-sp/hard/libm.a(lib_a-s_finite.o)
 .ARM.attributes
                0x000000000000044c       0x34 /home/anatolii/st-stm32cubeide_1.2.0_5034_20200108_0926_amd64.sh.root/y/plugins/com.st.stm32cube.ide.mcu.externaltools.gnu-tools-for-stm32.7-2018-q2-update.linux64_1.0.0.201904181610/tools/bin/../lib/gcc/arm-none-eabi/7.3.1/../../../../arm-none-eabi/lib/thumb/v7e-m/fpv4-sp/hard/libm.a(lib_a-s_lib_ver.o)
 .ARM.attributes
                0x0000000000000480       0x34 /home/anatolii/st-stm32cubeide_1.2.0_5034_20200108_0926_amd64.sh.root/y/plugins/com.st.stm32cube.ide.mcu.externaltools.gnu-tools-for-stm32.7-2018-q2-update.linux64_1.0.0.201904181610/tools/bin/../lib/gcc/arm-none-eabi/7.3.1/../../../../arm-none-eabi/lib/thumb/v7e-m/fpv4-sp/hard/libm.a(lib_a-s_matherr.o)
 .ARM.attributes
                0x00000000000004b4       0x34 /home/anatolii/st-stm32cubeide_1.2.0_5034_20200108_0926_amd64.sh.root/y/plugins/com.st.stm32cube.ide.mcu.externaltools.gnu-tools-for-stm32.7-2018-q2-update.linux64_1.0.0.201904181610/tools/bin/../lib/gcc/arm-none-eabi/7.3.1/../../../../arm-none-eabi/lib/thumb/v7e-m/fpv4-sp/hard/libm.a(lib_a-s_nan.o)
 .ARM.attributes
                0x00000000000004e8       0x34 /home/anatolii/st-stm32cubeide_1.2.0_5034_20200108_0926_amd64.sh.root/y/plugins/com.st.stm32cube.ide.mcu.externaltools.gnu-tools-for-stm32.7-2018-q2-update.linux64_1.0.0.201904181610/tools/bin/../lib/gcc/arm-none-eabi/7.3.1/../../../../arm-none-eabi/lib/thumb/v7e-m/fpv4-sp/hard/libm.a(lib_a-s_rint.o)
 .ARM.attributes
                0x000000000000051c       0x34 /home/anatolii/st-stm32cubeide_1.2.0_5034_20200108_0926_amd64.sh.root/y/plugins/com.st.stm32cube.ide.mcu.externaltools.gnu-tools-for-stm32.7-2018-q2-update.linux64_1.0.0.201904181610/tools/bin/../lib/gcc/arm-none-eabi/7.3.1/../../../../arm-none-eabi/lib/thumb/v7e-m/fpv4-sp/hard/libm.a(lib_a-s_scalbn.o)
 .ARM.attributes
                0x0000000000000550       0x34 /home/anatolii/st-stm32cubeide_1.2.0_5034_20200108_0926_amd64.sh.root/y/plugins/com.st.stm32cube.ide.mcu.externaltools.gnu-tools-for-stm32.7-2018-q2-update.linux64_1.0.0.201904181610/tools/bin/../lib/gcc/arm-none-eabi/7.3.1/../../../../arm-none-eabi/lib/thumb/v7e-m/fpv4-sp/hard/libm.a(lib_a-s_copysign.o)
 .ARM.attributes
                0x0000000000000584       0x22 /home/anatolii/st-stm32cubeide_1.2.0_5034_20200108_0926_amd64.sh.root/y/plugins/com.st.stm32cube.ide.mcu.externaltools.gnu-tools-for-stm32.7-2018-q2-update.linux64_1.0.0.201904181610/tools/bin/../lib/gcc/arm-none-eabi/7.3.1/thumb/v7e-m/fpv4-sp/hard/libgcc.a(_arm_addsubdf3.o)
 .ARM.attributes
                0x00000000000005a6       0x22 /home/anatolii/st-stm32cubeide_1.2.0_5034_20200108_0926_amd64.sh.root/y/plugins/com.st.stm32cube.ide.mcu.externaltools.gnu-tools-for-stm32.7-2018-q2-update.linux64_1.0.0.201904181610/tools/bin/../lib/gcc/arm-none-eabi/7.3.1/thumb/v7e-m/fpv4-sp/hard/libgcc.a(_arm_muldivdf3.o)
 .ARM.attributes
                0x00000000000005c8       0x22 /home/anatolii/st-stm32cubeide_1.2.0_5034_20200108_0926_amd64.sh.root/y/plugins/com.st.stm32cube.ide.mcu.externaltools.gnu-tools-for-stm32.7-2018-q2-update.linux64_1.0.0.201904181610/tools/bin/../lib/gcc/arm-none-eabi/7.3.1/thumb/v7e-m/fpv4-sp/hard/libgcc.a(_arm_cmpdf2.o)
 .ARM.attributes
                0x00000000000005ea       0x22 /home/anatolii/st-stm32cubeide_1.2.0_5034_20200108_0926_amd64.sh.root/y/plugins/com.st.stm32cube.ide.mcu.externaltools.gnu-tools-for-stm32.7-2018-q2-update.linux64_1.0.0.201904181610/tools/bin/../lib/gcc/arm-none-eabi/7.3.1/thumb/v7e-m/fpv4-sp/hard/libgcc.a(_arm_unorddf2.o)
 .ARM.attributes
                0x000000000000060c       0x22 /home/anatolii/st-stm32cubeide_1.2.0_5034_20200108_0926_amd64.sh.root/y/plugins/com.st.stm32cube.ide.mcu.externaltools.gnu-tools-for-stm32.7-2018-q2-update.linux64_1.0.0.201904181610/tools/bin/../lib/gcc/arm-none-eabi/7.3.1/thumb/v7e-m/fpv4-sp/hard/libgcc.a(_arm_truncdfsf2.o)
 .ARM.attributes
                0x000000000000062e       0x22 /home/anatolii/st-stm32cubeide_1.2.0_5034_20200108_0926_amd64.sh.root/y/plugins/com.st.stm32cube.ide.mcu.externaltools.gnu-tools-for-stm32.7-2018-q2-update.linux64_1.0.0.201904181610/tools/bin/../lib/gcc/arm-none-eabi/7.3.1/thumb/v7e-m/fpv4-sp/hard/libgcc.a(_aeabi_uldivmod.o)
 .ARM.attributes
                0x0000000000000650       0x34 /home/anatolii/st-stm32cubeide_1.2.0_5034_20200108_0926_amd64.sh.root/y/plugins/com.st.stm32cube.ide.mcu.externaltools.gnu-tools-for-stm32.7-2018-q2-update.linux64_1.0.0.201904181610/tools/bin/../lib/gcc/arm-none-eabi/7.3.1/thumb/v7e-m/fpv4-sp/hard/libgcc.a(_udivmoddi4.o)
 .ARM.attributes
                0x0000000000000684       0x22 /home/anatolii/st-stm32cubeide_1.2.0_5034_20200108_0926_amd64.sh.root/y/plugins/com.st.stm32cube.ide.mcu.externaltools.gnu-tools-for-stm32.7-2018-q2-update.linux64_1.0.0.201904181610/tools/bin/../lib/gcc/arm-none-eabi/7.3.1/thumb/v7e-m/fpv4-sp/hard/libgcc.a(_dvmd_tls.o)
 .ARM.attributes
                0x00000000000006a6       0x22 /home/anatolii/st-stm32cubeide_1.2.0_5034_20200108_0926_amd64.sh.root/y/plugins/com.st.stm32cube.ide.mcu.externaltools.gnu-tools-for-stm32.7-2018-q2-update.linux64_1.0.0.201904181610/tools/bin/../lib/gcc/arm-none-eabi/7.3.1/thumb/v7e-m/fpv4-sp/hard/crtn.o
OUTPUT(MQ3sensor.elf elf32-littlearm)

.debug_info     0x0000000000000000     0x5afb
 .debug_info    0x0000000000000000     0x14e3 Core/Src/main.o
 .debug_info    0x00000000000014e3      0x984 Core/Src/stm32f4xx_hal_msp.o
 .debug_info    0x0000000000001e67      0x20a Core/Src/stm32f4xx_it.o
 .debug_info    0x0000000000002071      0x554 Core/Src/system_stm32f4xx.o
 .debug_info    0x00000000000025c5       0x22 Core/Startup/startup_stm32f407vgtx.o
 .debug_info    0x00000000000025e7      0x945 Drivers/STM32F4xx_HAL_Driver/Src/stm32f4xx_hal.o
 .debug_info    0x0000000000002f2c      0xcee Drivers/STM32F4xx_HAL_Driver/Src/stm32f4xx_hal_adc.o
 .debug_info    0x0000000000003c1a      0xe28 Drivers/STM32F4xx_HAL_Driver/Src/stm32f4xx_hal_cortex.o
 .debug_info    0x0000000000004a42      0x7b5 Drivers/STM32F4xx_HAL_Driver/Src/stm32f4xx_hal_gpio.o
 .debug_info    0x00000000000051f7      0x904 Drivers/STM32F4xx_HAL_Driver/Src/stm32f4xx_hal_rcc.o

.debug_abbrev   0x0000000000000000     0x10ea
 .debug_abbrev  0x0000000000000000      0x287 Core/Src/main.o
 .debug_abbrev  0x0000000000000287      0x18c Core/Src/stm32f4xx_hal_msp.o
 .debug_abbrev  0x0000000000000413       0xc6 Core/Src/stm32f4xx_it.o
 .debug_abbrev  0x00000000000004d9      0x12b Core/Src/system_stm32f4xx.o
 .debug_abbrev  0x0000000000000604       0x12 Core/Startup/startup_stm32f407vgtx.o
 .debug_abbrev  0x0000000000000616      0x1c7 Drivers/STM32F4xx_HAL_Driver/Src/stm32f4xx_hal.o
 .debug_abbrev  0x00000000000007dd      0x205 Drivers/STM32F4xx_HAL_Driver/Src/stm32f4xx_hal_adc.o
 .debug_abbrev  0x00000000000009e2      0x2fa Drivers/STM32F4xx_HAL_Driver/Src/stm32f4xx_hal_cortex.o
 .debug_abbrev  0x0000000000000cdc      0x1c9 Drivers/STM32F4xx_HAL_Driver/Src/stm32f4xx_hal_gpio.o
 .debug_abbrev  0x0000000000000ea5      0x245 Drivers/STM32F4xx_HAL_Driver/Src/stm32f4xx_hal_rcc.o

.debug_aranges  0x0000000000000000      0x4f8
 .debug_aranges
                0x0000000000000000       0x48 Core/Src/main.o
 .debug_aranges
                0x0000000000000048       0x30 Core/Src/stm32f4xx_hal_msp.o
 .debug_aranges
                0x0000000000000078       0x60 Core/Src/stm32f4xx_it.o
 .debug_aranges
                0x00000000000000d8       0x28 Core/Src/system_stm32f4xx.o
 .debug_aranges
                0x0000000000000100       0x28 Core/Startup/startup_stm32f407vgtx.o
 .debug_aranges
                0x0000000000000128       0xf0 Drivers/STM32F4xx_HAL_Driver/Src/stm32f4xx_hal.o
 .debug_aranges
                0x0000000000000218       0xe8 Drivers/STM32F4xx_HAL_Driver/Src/stm32f4xx_hal_adc.o
 .debug_aranges
                0x0000000000000300      0x118 Drivers/STM32F4xx_HAL_Driver/Src/stm32f4xx_hal_cortex.o
 .debug_aranges
                0x0000000000000418       0x58 Drivers/STM32F4xx_HAL_Driver/Src/stm32f4xx_hal_gpio.o
 .debug_aranges
                0x0000000000000470       0x88 Drivers/STM32F4xx_HAL_Driver/Src/stm32f4xx_hal_rcc.o

.debug_ranges   0x0000000000000000      0x460
 .debug_ranges  0x0000000000000000       0x38 Core/Src/main.o
 .debug_ranges  0x0000000000000038       0x20 Core/Src/stm32f4xx_hal_msp.o
 .debug_ranges  0x0000000000000058       0x50 Core/Src/stm32f4xx_it.o
 .debug_ranges  0x00000000000000a8       0x18 Core/Src/system_stm32f4xx.o
 .debug_ranges  0x00000000000000c0       0x20 Core/Startup/startup_stm32f407vgtx.o
 .debug_ranges  0x00000000000000e0       0xe0 Drivers/STM32F4xx_HAL_Driver/Src/stm32f4xx_hal.o
 .debug_ranges  0x00000000000001c0       0xd8 Drivers/STM32F4xx_HAL_Driver/Src/stm32f4xx_hal_adc.o
 .debug_ranges  0x0000000000000298      0x108 Drivers/STM32F4xx_HAL_Driver/Src/stm32f4xx_hal_cortex.o
 .debug_ranges  0x00000000000003a0       0x48 Drivers/STM32F4xx_HAL_Driver/Src/stm32f4xx_hal_gpio.o
 .debug_ranges  0x00000000000003e8       0x78 Drivers/STM32F4xx_HAL_Driver/Src/stm32f4xx_hal_rcc.o

.debug_macro    0x0000000000000000    0x1fd3e
 .debug_macro   0x0000000000000000      0x2a7 Core/Src/main.o
 .debug_macro   0x00000000000002a7      0xa5a Core/Src/main.o
 .debug_macro   0x0000000000000d01      0x184 Core/Src/main.o
 .debug_macro   0x0000000000000e85       0x32 Core/Src/main.o
 .debug_macro   0x0000000000000eb7       0x2f Core/Src/main.o
 .debug_macro   0x0000000000000ee6       0x22 Core/Src/main.o
 .debug_macro   0x0000000000000f08       0x8e Core/Src/main.o
 .debug_macro   0x0000000000000f96       0x51 Core/Src/main.o
 .debug_macro   0x0000000000000fe7       0xef Core/Src/main.o
 .debug_macro   0x00000000000010d6       0x6a Core/Src/main.o
 .debug_macro   0x0000000000001140      0x1df Core/Src/main.o
 .debug_macro   0x000000000000131f       0x1c Core/Src/main.o
 .debug_macro   0x000000000000133b       0x22 Core/Src/main.o
 .debug_macro   0x000000000000135d       0xdf Core/Src/main.o
 .debug_macro   0x000000000000143c     0x102d Core/Src/main.o
 .debug_macro   0x0000000000002469      0x11f Core/Src/main.o
 .debug_macro   0x0000000000002588    0x15e3c Core/Src/main.o
 .debug_macro   0x00000000000183c4       0x43 Core/Src/main.o
 .debug_macro   0x0000000000018407     0x3652 Core/Src/main.o
 .debug_macro   0x000000000001ba59      0x174 Core/Src/main.o
 .debug_macro   0x000000000001bbcd       0x5a Core/Src/main.o
 .debug_macro   0x000000000001bc27      0x96b Core/Src/main.o
 .debug_macro   0x000000000001c592      0x9fe Core/Src/main.o
 .debug_macro   0x000000000001cf90      0x174 Core/Src/main.o
 .debug_macro   0x000000000001d104      0x117 Core/Src/main.o
 .debug_macro   0x000000000001d21b      0x13e Core/Src/main.o
 .debug_macro   0x000000000001d359       0x27 Core/Src/main.o
 .debug_macro   0x000000000001d380      0x287 Core/Src/main.o
 .debug_macro   0x000000000001d607       0x5f Core/Src/main.o
 .debug_macro   0x000000000001d666      0x236 Core/Src/main.o
 .debug_macro   0x000000000001d89c      0x391 Core/Src/main.o
 .debug_macro   0x000000000001dc2d      0x176 Core/Src/main.o
 .debug_macro   0x000000000001dda3       0xf9 Core/Src/main.o
 .debug_macro   0x000000000001de9c      0x12c Core/Src/main.o
 .debug_macro   0x000000000001dfc8      0x21e Core/Src/main.o
 .debug_macro   0x000000000001e1e6       0x2e Core/Src/main.o
 .debug_macro   0x000000000001e214      0x11a Core/Src/main.o
 .debug_macro   0x000000000001e32e       0x7e Core/Src/main.o
 .debug_macro   0x000000000001e3ac       0x89 Core/Src/main.o
 .debug_macro   0x000000000001e435      0x12d Core/Src/main.o
 .debug_macro   0x000000000001e562       0x46 Core/Src/main.o
 .debug_macro   0x000000000001e5a8       0x18 Core/Src/main.o
 .debug_macro   0x000000000001e5c0       0x3c Core/Src/main.o
 .debug_macro   0x000000000001e5fc       0x34 Core/Src/main.o
 .debug_macro   0x000000000001e630       0x52 Core/Src/main.o
 .debug_macro   0x000000000001e682       0x1f Core/Src/main.o
 .debug_macro   0x000000000001e6a1       0x43 Core/Src/main.o
 .debug_macro   0x000000000001e6e4       0x20 Core/Src/main.o
 .debug_macro   0x000000000001e704      0x1a3 Core/Src/main.o
 .debug_macro   0x000000000001e8a7      0x32a Core/Src/main.o
 .debug_macro   0x000000000001ebd1       0x10 Core/Src/main.o
 .debug_macro   0x000000000001ebe1       0x35 Core/Src/main.o
 .debug_macro   0x000000000001ec16       0x20 Core/Src/main.o
 .debug_macro   0x000000000001ec36      0x1e1 Core/Src/main.o
 .debug_macro   0x000000000001ee17      0x1d3 Core/Src/stm32f4xx_hal_msp.o
 .debug_macro   0x000000000001efea      0x1dd Core/Src/stm32f4xx_it.o
 .debug_macro   0x000000000001f1c7      0x1cf Core/Src/system_stm32f4xx.o
 .debug_macro   0x000000000001f396      0x229 Drivers/STM32F4xx_HAL_Driver/Src/stm32f4xx_hal.o
 .debug_macro   0x000000000001f5bf      0x1ca Drivers/STM32F4xx_HAL_Driver/Src/stm32f4xx_hal_adc.o
 .debug_macro   0x000000000001f789      0x1c9 Drivers/STM32F4xx_HAL_Driver/Src/stm32f4xx_hal_cortex.o
 .debug_macro   0x000000000001f952      0x1ff Drivers/STM32F4xx_HAL_Driver/Src/stm32f4xx_hal_gpio.o
 .debug_macro   0x000000000001fb51      0x1ed Drivers/STM32F4xx_HAL_Driver/Src/stm32f4xx_hal_rcc.o

.debug_line     0x0000000000000000     0x5267
 .debug_line    0x0000000000000000      0x954 Core/Src/main.o
 .debug_line    0x0000000000000954      0x766 Core/Src/stm32f4xx_hal_msp.o
 .debug_line    0x00000000000010ba      0x7dd Core/Src/stm32f4xx_it.o
 .debug_line    0x0000000000001897      0x754 Core/Src/system_stm32f4xx.o
 .debug_line    0x0000000000001feb       0x86 Core/Startup/startup_stm32f407vgtx.o
 .debug_line    0x0000000000002071      0x93e Drivers/STM32F4xx_HAL_Driver/Src/stm32f4xx_hal.o
 .debug_line    0x00000000000029af      0xba3 Drivers/STM32F4xx_HAL_Driver/Src/stm32f4xx_hal_adc.o
 .debug_line    0x0000000000003552      0xa62 Drivers/STM32F4xx_HAL_Driver/Src/stm32f4xx_hal_cortex.o
 .debug_line    0x0000000000003fb4      0x91d Drivers/STM32F4xx_HAL_Driver/Src/stm32f4xx_hal_gpio.o
 .debug_line    0x00000000000048d1      0x996 Drivers/STM32F4xx_HAL_Driver/Src/stm32f4xx_hal_rcc.o

.debug_str      0x0000000000000000    0xc34bb
 .debug_str     0x0000000000000000    0xc1dab Core/Src/main.o
                                      0xc2171 (size before relaxing)
 .debug_str     0x00000000000c1dab       0x53 Core/Src/stm32f4xx_hal_msp.o
                                      0xbe728 (size before relaxing)
 .debug_str     0x00000000000c1dfe       0xbd Core/Src/stm32f4xx_it.o
                                      0xbe241 (size before relaxing)
 .debug_str     0x00000000000c1ebb       0xc4 Core/Src/system_stm32f4xx.o
                                      0xbe33a (size before relaxing)
 .debug_str     0x00000000000c1f7f       0x36 Core/Startup/startup_stm32f407vgtx.o
                                         0x6c (size before relaxing)
 .debug_str     0x00000000000c1fb5      0xa5e Drivers/STM32F4xx_HAL_Driver/Src/stm32f4xx_hal.o
                                      0xbee07 (size before relaxing)
 .debug_str     0x00000000000c2a13      0x2b1 Drivers/STM32F4xx_HAL_Driver/Src/stm32f4xx_hal_adc.o
                                      0xbe8d1 (size before relaxing)
 .debug_str     0x00000000000c2cc4      0x397 Drivers/STM32F4xx_HAL_Driver/Src/stm32f4xx_hal_cortex.o
                                      0xbebf6 (size before relaxing)
 .debug_str     0x00000000000c305b      0x207 Drivers/STM32F4xx_HAL_Driver/Src/stm32f4xx_hal_gpio.o
                                      0xbe579 (size before relaxing)
 .debug_str     0x00000000000c3262      0x259 Drivers/STM32F4xx_HAL_Driver/Src/stm32f4xx_hal_rcc.o
                                      0xbe727 (size before relaxing)

.comment        0x0000000000000000       0x7b
 .comment       0x0000000000000000       0x7b Core/Src/main.o
                                         0x7c (size before relaxing)
 .comment       0x000000000000007b       0x7c Core/Src/stm32f4xx_hal_msp.o
 .comment       0x000000000000007b       0x7c Core/Src/stm32f4xx_it.o
 .comment       0x000000000000007b       0x7c Core/Src/system_stm32f4xx.o
 .comment       0x000000000000007b       0x7c Drivers/STM32F4xx_HAL_Driver/Src/stm32f4xx_hal.o
 .comment       0x000000000000007b       0x7c Drivers/STM32F4xx_HAL_Driver/Src/stm32f4xx_hal_adc.o
 .comment       0x000000000000007b       0x7c Drivers/STM32F4xx_HAL_Driver/Src/stm32f4xx_hal_cortex.o
 .comment       0x000000000000007b       0x7c Drivers/STM32F4xx_HAL_Driver/Src/stm32f4xx_hal_gpio.o
 .comment       0x000000000000007b       0x7c Drivers/STM32F4xx_HAL_Driver/Src/stm32f4xx_hal_rcc.o

.debug_frame    0x0000000000000000     0x16d0
 .debug_frame   0x0000000000000000       0xe8 Core/Src/main.o
 .debug_frame   0x00000000000000e8       0x80 Core/Src/stm32f4xx_hal_msp.o
 .debug_frame   0x0000000000000168      0x10c Core/Src/stm32f4xx_it.o
 .debug_frame   0x0000000000000274       0x58 Core/Src/system_stm32f4xx.o
 .debug_frame   0x00000000000002cc      0x374 Drivers/STM32F4xx_HAL_Driver/Src/stm32f4xx_hal.o
 .debug_frame   0x0000000000000640      0x3fc Drivers/STM32F4xx_HAL_Driver/Src/stm32f4xx_hal_adc.o
 .debug_frame   0x0000000000000a3c      0x498 Drivers/STM32F4xx_HAL_Driver/Src/stm32f4xx_hal_cortex.o
 .debug_frame   0x0000000000000ed4      0x14c Drivers/STM32F4xx_HAL_Driver/Src/stm32f4xx_hal_gpio.o
 .debug_frame   0x0000000000001020      0x1f0 Drivers/STM32F4xx_HAL_Driver/Src/stm32f4xx_hal_rcc.o
 .debug_frame   0x0000000000001210       0x20 /home/anatolii/st-stm32cubeide_1.2.0_5034_20200108_0926_amd64.sh.root/y/plugins/com.st.stm32cube.ide.mcu.externaltools.gnu-tools-for-stm32.7-2018-q2-update.linux64_1.0.0.201904181610/tools/bin/../lib/gcc/arm-none-eabi/7.3.1/../../../../arm-none-eabi/lib/thumb/v7e-m/fpv4-sp/hard/libc_nano.a(lib_a-errno.o)
 .debug_frame   0x0000000000001230       0x2c /home/anatolii/st-stm32cubeide_1.2.0_5034_20200108_0926_amd64.sh.root/y/plugins/com.st.stm32cube.ide.mcu.externaltools.gnu-tools-for-stm32.7-2018-q2-update.linux64_1.0.0.201904181610/tools/bin/../lib/gcc/arm-none-eabi/7.3.1/../../../../arm-none-eabi/lib/thumb/v7e-m/fpv4-sp/hard/libc_nano.a(lib_a-init.o)
 .debug_frame   0x000000000000125c       0x20 /home/anatolii/st-stm32cubeide_1.2.0_5034_20200108_0926_amd64.sh.root/y/plugins/com.st.stm32cube.ide.mcu.externaltools.gnu-tools-for-stm32.7-2018-q2-update.linux64_1.0.0.201904181610/tools/bin/../lib/gcc/arm-none-eabi/7.3.1/../../../../arm-none-eabi/lib/thumb/v7e-m/fpv4-sp/hard/libc_nano.a(lib_a-memset.o)
 .debug_frame   0x000000000000127c       0x5c /home/anatolii/st-stm32cubeide_1.2.0_5034_20200108_0926_amd64.sh.root/y/plugins/com.st.stm32cube.ide.mcu.externaltools.gnu-tools-for-stm32.7-2018-q2-update.linux64_1.0.0.201904181610/tools/bin/../lib/gcc/arm-none-eabi/7.3.1/../../../../arm-none-eabi/lib/thumb/v7e-m/fpv4-sp/hard/libm.a(lib_a-w_pow.o)
 .debug_frame   0x00000000000012d8       0x64 /home/anatolii/st-stm32cubeide_1.2.0_5034_20200108_0926_amd64.sh.root/y/plugins/com.st.stm32cube.ide.mcu.externaltools.gnu-tools-for-stm32.7-2018-q2-update.linux64_1.0.0.201904181610/tools/bin/../lib/gcc/arm-none-eabi/7.3.1/../../../../arm-none-eabi/lib/thumb/v7e-m/fpv4-sp/hard/libm.a(lib_a-e_pow.o)
 .debug_frame   0x000000000000133c       0x30 /home/anatolii/st-stm32cubeide_1.2.0_5034_20200108_0926_amd64.sh.root/y/plugins/com.st.stm32cube.ide.mcu.externaltools.gnu-tools-for-stm32.7-2018-q2-update.linux64_1.0.0.201904181610/tools/bin/../lib/gcc/arm-none-eabi/7.3.1/../../../../arm-none-eabi/lib/thumb/v7e-m/fpv4-sp/hard/libm.a(lib_a-e_sqrt.o)
 .debug_frame   0x000000000000136c       0x20 /home/anatolii/st-stm32cubeide_1.2.0_5034_20200108_0926_amd64.sh.root/y/plugins/com.st.stm32cube.ide.mcu.externaltools.gnu-tools-for-stm32.7-2018-q2-update.linux64_1.0.0.201904181610/tools/bin/../lib/gcc/arm-none-eabi/7.3.1/../../../../arm-none-eabi/lib/thumb/v7e-m/fpv4-sp/hard/libm.a(lib_a-s_fabs.o)
 .debug_frame   0x000000000000138c       0x20 /home/anatolii/st-stm32cubeide_1.2.0_5034_20200108_0926_amd64.sh.root/y/plugins/com.st.stm32cube.ide.mcu.externaltools.gnu-tools-for-stm32.7-2018-q2-update.linux64_1.0.0.201904181610/tools/bin/../lib/gcc/arm-none-eabi/7.3.1/../../../../arm-none-eabi/lib/thumb/v7e-m/fpv4-sp/hard/libm.a(lib_a-s_finite.o)
 .debug_frame   0x00000000000013ac       0x20 /home/anatolii/st-stm32cubeide_1.2.0_5034_20200108_0926_amd64.sh.root/y/plugins/com.st.stm32cube.ide.mcu.externaltools.gnu-tools-for-stm32.7-2018-q2-update.linux64_1.0.0.201904181610/tools/bin/../lib/gcc/arm-none-eabi/7.3.1/../../../../arm-none-eabi/lib/thumb/v7e-m/fpv4-sp/hard/libm.a(lib_a-s_matherr.o)
 .debug_frame   0x00000000000013cc       0x20 /home/anatolii/st-stm32cubeide_1.2.0_5034_20200108_0926_amd64.sh.root/y/plugins/com.st.stm32cube.ide.mcu.externaltools.gnu-tools-for-stm32.7-2018-q2-update.linux64_1.0.0.201904181610/tools/bin/../lib/gcc/arm-none-eabi/7.3.1/../../../../arm-none-eabi/lib/thumb/v7e-m/fpv4-sp/hard/libm.a(lib_a-s_nan.o)
 .debug_frame   0x00000000000013ec       0x34 /home/anatolii/st-stm32cubeide_1.2.0_5034_20200108_0926_amd64.sh.root/y/plugins/com.st.stm32cube.ide.mcu.externaltools.gnu-tools-for-stm32.7-2018-q2-update.linux64_1.0.0.201904181610/tools/bin/../lib/gcc/arm-none-eabi/7.3.1/../../../../arm-none-eabi/lib/thumb/v7e-m/fpv4-sp/hard/libm.a(lib_a-s_rint.o)
 .debug_frame   0x0000000000001420       0x2c /home/anatolii/st-stm32cubeide_1.2.0_5034_20200108_0926_amd64.sh.root/y/plugins/com.st.stm32cube.ide.mcu.externaltools.gnu-tools-for-stm32.7-2018-q2-update.linux64_1.0.0.201904181610/tools/bin/../lib/gcc/arm-none-eabi/7.3.1/../../../../arm-none-eabi/lib/thumb/v7e-m/fpv4-sp/hard/libm.a(lib_a-s_scalbn.o)
 .debug_frame   0x000000000000144c       0x20 /home/anatolii/st-stm32cubeide_1.2.0_5034_20200108_0926_amd64.sh.root/y/plugins/com.st.stm32cube.ide.mcu.externaltools.gnu-tools-for-stm32.7-2018-q2-update.linux64_1.0.0.201904181610/tools/bin/../lib/gcc/arm-none-eabi/7.3.1/../../../../arm-none-eabi/lib/thumb/v7e-m/fpv4-sp/hard/libm.a(lib_a-s_copysign.o)
 .debug_frame   0x000000000000146c       0xac /home/anatolii/st-stm32cubeide_1.2.0_5034_20200108_0926_amd64.sh.root/y/plugins/com.st.stm32cube.ide.mcu.externaltools.gnu-tools-for-stm32.7-2018-q2-update.linux64_1.0.0.201904181610/tools/bin/../lib/gcc/arm-none-eabi/7.3.1/thumb/v7e-m/fpv4-sp/hard/libgcc.a(_arm_addsubdf3.o)
 .debug_frame   0x0000000000001518       0x50 /home/anatolii/st-stm32cubeide_1.2.0_5034_20200108_0926_amd64.sh.root/y/plugins/com.st.stm32cube.ide.mcu.externaltools.gnu-tools-for-stm32.7-2018-q2-update.linux64_1.0.0.201904181610/tools/bin/../lib/gcc/arm-none-eabi/7.3.1/thumb/v7e-m/fpv4-sp/hard/libgcc.a(_arm_muldivdf3.o)
 .debug_frame   0x0000000000001568       0xc4 /home/anatolii/st-stm32cubeide_1.2.0_5034_20200108_0926_amd64.sh.root/y/plugins/com.st.stm32cube.ide.mcu.externaltools.gnu-tools-for-stm32.7-2018-q2-update.linux64_1.0.0.201904181610/tools/bin/../lib/gcc/arm-none-eabi/7.3.1/thumb/v7e-m/fpv4-sp/hard/libgcc.a(_arm_cmpdf2.o)
 .debug_frame   0x000000000000162c       0x20 /home/anatolii/st-stm32cubeide_1.2.0_5034_20200108_0926_amd64.sh.root/y/plugins/com.st.stm32cube.ide.mcu.externaltools.gnu-tools-for-stm32.7-2018-q2-update.linux64_1.0.0.201904181610/tools/bin/../lib/gcc/arm-none-eabi/7.3.1/thumb/v7e-m/fpv4-sp/hard/libgcc.a(_arm_unorddf2.o)
 .debug_frame   0x000000000000164c       0x24 /home/anatolii/st-stm32cubeide_1.2.0_5034_20200108_0926_amd64.sh.root/y/plugins/com.st.stm32cube.ide.mcu.externaltools.gnu-tools-for-stm32.7-2018-q2-update.linux64_1.0.0.201904181610/tools/bin/../lib/gcc/arm-none-eabi/7.3.1/thumb/v7e-m/fpv4-sp/hard/libgcc.a(_arm_truncdfsf2.o)
 .debug_frame   0x0000000000001670       0x2c /home/anatolii/st-stm32cubeide_1.2.0_5034_20200108_0926_amd64.sh.root/y/plugins/com.st.stm32cube.ide.mcu.externaltools.gnu-tools-for-stm32.7-2018-q2-update.linux64_1.0.0.201904181610/tools/bin/../lib/gcc/arm-none-eabi/7.3.1/thumb/v7e-m/fpv4-sp/hard/libgcc.a(_aeabi_uldivmod.o)
 .debug_frame   0x000000000000169c       0x34 /home/anatolii/st-stm32cubeide_1.2.0_5034_20200108_0926_amd64.sh.root/y/plugins/com.st.stm32cube.ide.mcu.externaltools.gnu-tools-for-stm32.7-2018-q2-update.linux64_1.0.0.201904181610/tools/bin/../lib/gcc/arm-none-eabi/7.3.1/thumb/v7e-m/fpv4-sp/hard/libgcc.a(_udivmoddi4.o)
